// Jest Snapshot v1, https://goo.gl/fbAQLP

exports[`ViewPhoto 横長イメージの表示サイズの検証 1`] = `
<DocumentFragment>
  <div
    class="relative leading-3"
    data-testid="imageWrap"
    style="width: 798px; height: 1198px; min-width: 233px; min-height: 350px; max-width: 666px; max-height: 1000px; opacity: 0;"
  >
    <div
      style="display: block; overflow: hidden; position: absolute; top: 0px; left: 0px; bottom: 0px; right: 0px; box-sizing: border-box; margin: 0px;"
    >
      <img
        alt=""
        class="cursor-pointer"
        data-nimg="fill"
        decoding="async"
        sizes="100vw"
        src="/_next/image?url=https%3A%2F%2Fpicsum.photos%2Fseed%2Fpicsum%2F200%2F300&w=3840&q=75"
        srcset="/_next/image?url=https%3A%2F%2Fpicsum.photos%2Fseed%2Fpicsum%2F200%2F300&w=640&q=75 640w, /_next/image?url=https%3A%2F%2Fpicsum.photos%2Fseed%2Fpicsum%2F200%2F300&w=750&q=75 750w, /_next/image?url=https%3A%2F%2Fpicsum.photos%2Fseed%2Fpicsum%2F200%2F300&w=828&q=75 828w, /_next/image?url=https%3A%2F%2Fpicsum.photos%2Fseed%2Fpicsum%2F200%2F300&w=1080&q=75 1080w, /_next/image?url=https%3A%2F%2Fpicsum.photos%2Fseed%2Fpicsum%2F200%2F300&w=1200&q=75 1200w, /_next/image?url=https%3A%2F%2Fpicsum.photos%2Fseed%2Fpicsum%2F200%2F300&w=1920&q=75 1920w, /_next/image?url=https%3A%2F%2Fpicsum.photos%2Fseed%2Fpicsum%2F200%2F300&w=2048&q=75 2048w, /_next/image?url=https%3A%2F%2Fpicsum.photos%2Fseed%2Fpicsum%2F200%2F300&w=3840&q=75 3840w"
        style="position: absolute; top: 0px; left: 0px; bottom: 0px; right: 0px; box-sizing: border-box; padding: 0px; margin: auto; display: block; width: 0px; height: 0px; min-width: 100%; max-width: 100%; min-height: 100%; max-height: 100%; object-fit: contain;"
      />
      <noscript />
    </div>
  </div>
</DocumentFragment>
`;

exports[`ViewPhoto 横長イメージの表示サイズの検証 2`] = `
<DocumentFragment>
  <div
    class="relative leading-3"
    data-testid="imageWrap"
    style="width: 420px; height: 630px; min-width: 233px; min-height: 350px; max-width: 666px; max-height: 1000px; opacity: 0;"
  >
    <div
      style="display: block; overflow: hidden; position: absolute; top: 0px; left: 0px; bottom: 0px; right: 0px; box-sizing: border-box; margin: 0px;"
    >
      <img
        alt=""
        class="cursor-pointer"
        data-nimg="fill"
        decoding="async"
        sizes="100vw"
        src="/_next/image?url=https%3A%2F%2Fpicsum.photos%2Fseed%2Fpicsum%2F200%2F300&w=3840&q=75"
        srcset="/_next/image?url=https%3A%2F%2Fpicsum.photos%2Fseed%2Fpicsum%2F200%2F300&w=640&q=75 640w, /_next/image?url=https%3A%2F%2Fpicsum.photos%2Fseed%2Fpicsum%2F200%2F300&w=750&q=75 750w, /_next/image?url=https%3A%2F%2Fpicsum.photos%2Fseed%2Fpicsum%2F200%2F300&w=828&q=75 828w, /_next/image?url=https%3A%2F%2Fpicsum.photos%2Fseed%2Fpicsum%2F200%2F300&w=1080&q=75 1080w, /_next/image?url=https%3A%2F%2Fpicsum.photos%2Fseed%2Fpicsum%2F200%2F300&w=1200&q=75 1200w, /_next/image?url=https%3A%2F%2Fpicsum.photos%2Fseed%2Fpicsum%2F200%2F300&w=1920&q=75 1920w, /_next/image?url=https%3A%2F%2Fpicsum.photos%2Fseed%2Fpicsum%2F200%2F300&w=2048&q=75 2048w, /_next/image?url=https%3A%2F%2Fpicsum.photos%2Fseed%2Fpicsum%2F200%2F300&w=3840&q=75 3840w"
        style="position: absolute; top: 0px; left: 0px; bottom: 0px; right: 0px; box-sizing: border-box; padding: 0px; margin: auto; display: block; width: 0px; height: 0px; min-width: 100%; max-width: 100%; min-height: 100%; max-height: 100%; object-fit: contain;"
      />
      <noscript />
    </div>
  </div>
</DocumentFragment>
`;

exports[`ViewPhoto 縦長イメージの表示サイズの検証 1`] = `
<DocumentFragment>
  <div
    class="relative leading-3"
    data-testid="imageWrap"
    style="width: 1198px; height: 798px; min-width: 350px; min-height: 233px; max-width: 1000px; max-height: 666px; opacity: 0;"
  >
    <div
      style="display: block; overflow: hidden; position: absolute; top: 0px; left: 0px; bottom: 0px; right: 0px; box-sizing: border-box; margin: 0px;"
    >
      <img
        alt=""
        class="cursor-pointer"
        data-nimg="fill"
        decoding="async"
        sizes="100vw"
        src="/_next/image?url=https%3A%2F%2Fpicsum.photos%2Fseed%2Fpicsum%2F200%2F300&w=3840&q=75"
        srcset="/_next/image?url=https%3A%2F%2Fpicsum.photos%2Fseed%2Fpicsum%2F200%2F300&w=640&q=75 640w, /_next/image?url=https%3A%2F%2Fpicsum.photos%2Fseed%2Fpicsum%2F200%2F300&w=750&q=75 750w, /_next/image?url=https%3A%2F%2Fpicsum.photos%2Fseed%2Fpicsum%2F200%2F300&w=828&q=75 828w, /_next/image?url=https%3A%2F%2Fpicsum.photos%2Fseed%2Fpicsum%2F200%2F300&w=1080&q=75 1080w, /_next/image?url=https%3A%2F%2Fpicsum.photos%2Fseed%2Fpicsum%2F200%2F300&w=1200&q=75 1200w, /_next/image?url=https%3A%2F%2Fpicsum.photos%2Fseed%2Fpicsum%2F200%2F300&w=1920&q=75 1920w, /_next/image?url=https%3A%2F%2Fpicsum.photos%2Fseed%2Fpicsum%2F200%2F300&w=2048&q=75 2048w, /_next/image?url=https%3A%2F%2Fpicsum.photos%2Fseed%2Fpicsum%2F200%2F300&w=3840&q=75 3840w"
        style="position: absolute; top: 0px; left: 0px; bottom: 0px; right: 0px; box-sizing: border-box; padding: 0px; margin: auto; display: block; width: 0px; height: 0px; min-width: 100%; max-width: 100%; min-height: 100%; max-height: 100%; object-fit: contain;"
      />
      <noscript />
    </div>
  </div>
</DocumentFragment>
`;

exports[`ViewPhoto 縦長イメージの表示サイズの検証 2`] = `
<DocumentFragment>
  <div
    class="relative leading-3"
    data-testid="imageWrap"
    style="width: 630px; height: 420px; min-width: 350px; min-height: 233px; max-width: 1000px; max-height: 666px; opacity: 0;"
  >
    <div
      style="display: block; overflow: hidden; position: absolute; top: 0px; left: 0px; bottom: 0px; right: 0px; box-sizing: border-box; margin: 0px;"
    >
      <img
        alt=""
        class="cursor-pointer"
        data-nimg="fill"
        decoding="async"
        sizes="100vw"
        src="/_next/image?url=https%3A%2F%2Fpicsum.photos%2Fseed%2Fpicsum%2F200%2F300&w=3840&q=75"
        srcset="/_next/image?url=https%3A%2F%2Fpicsum.photos%2Fseed%2Fpicsum%2F200%2F300&w=640&q=75 640w, /_next/image?url=https%3A%2F%2Fpicsum.photos%2Fseed%2Fpicsum%2F200%2F300&w=750&q=75 750w, /_next/image?url=https%3A%2F%2Fpicsum.photos%2Fseed%2Fpicsum%2F200%2F300&w=828&q=75 828w, /_next/image?url=https%3A%2F%2Fpicsum.photos%2Fseed%2Fpicsum%2F200%2F300&w=1080&q=75 1080w, /_next/image?url=https%3A%2F%2Fpicsum.photos%2Fseed%2Fpicsum%2F200%2F300&w=1200&q=75 1200w, /_next/image?url=https%3A%2F%2Fpicsum.photos%2Fseed%2Fpicsum%2F200%2F300&w=1920&q=75 1920w, /_next/image?url=https%3A%2F%2Fpicsum.photos%2Fseed%2Fpicsum%2F200%2F300&w=2048&q=75 2048w, /_next/image?url=https%3A%2F%2Fpicsum.photos%2Fseed%2Fpicsum%2F200%2F300&w=3840&q=75 3840w"
        style="position: absolute; top: 0px; left: 0px; bottom: 0px; right: 0px; box-sizing: border-box; padding: 0px; margin: auto; display: block; width: 0px; height: 0px; min-width: 100%; max-width: 100%; min-height: 100%; max-height: 100%; object-fit: contain;"
      />
      <noscript />
    </div>
  </div>
</DocumentFragment>
`;
